[www.amirmalaeb.com/index.html]
[backblue.gif]
[fade.gif]
[index.html]
[cdnjs.cloudflare.com/ajax/libs/font-awesome/6.4.0/css/all.min.css]
[www.amirmalaeb.com/styles.css]
[www.amirmalaeb.com/index-2.html]
[www.amirmalaeb.com/projects.html]
[www.amirmalaeb.com/images/replace.jpg]
[www.amirmalaeb.com/project-EKS-Kubernetes.html]
[www.amirmalaeb.com/images/EKS-project/EKS Cluster.jpg]
[www.amirmalaeb.com/project-aws-deployment.html]
[www.amirmalaeb.com/images/3TierArchitecture.jpg]
[www.amirmalaeb.com/project-ai-image-generation.html]
[www.amirmalaeb.com/project-wordpress-aws.html]
[www.amirmalaeb.com/project-ansible-aws.html]
[www.amirmalaeb.com/project-ai-powered-app.html]
[www.amirmalaeb.com/project-currency-normalization.html]
[www.amirmalaeb.com/images/aws-certified-solutions-architect-associate.png]
[www.amirmalaeb.com/images/aws-certified-cloud-practitioner.png]
[www.amirmalaeb.com/images/dct.webp]
[www.amirmalaeb.com/images/mit-logo.png]
[www.amirmalaeb.com/images/AMIR MALAEB - certificate.jpg]
[www.amirmalaeb.com/images/images.jpg]
[www.amirmalaeb.com/images/IMG_6044.jpg]
[www.amirmalaeb.com/images/aust.jpg]
[www.amirmalaeb.com/images/IMG_6101.jpg]
[www.amirmalaeb.com/index.html]
[www.amirmalaeb.com/script.js]
[fonts.googleapis.com/css22261.css]
[www.amirmalaeb.com/index-2.html]
[www.amirmalaeb.com/projects.html]
[www.amirmalaeb.com/projects.js]
[www.amirmalaeb.com/images/EKS-project/EKS1.png]
[www.amirmalaeb.com/images/EKS-project/EKS2.png]
[www.amirmalaeb.com/images/EKS-project/EKS3.png]
[www.amirmalaeb.com/images/EKS-project/EKS4.png]
[www.amirmalaeb.com/project-EKS-Kubernetes.html]
[www.amirmalaeb.com/project-aws-deployment.html]
[www.amirmalaeb.com/project-ai-image-generation.html]
[www.amirmalaeb.com/project-wordpress-aws.html]
[www.amirmalaeb.com/project-ansible-aws.html]
[www.amirmalaeb.com/project-ai-powered-app.html]
[www.amirmalaeb.com/project-currency-normalization.html]
[www.amirmalaeb.com/aws-news.html]
[www.amirmalaeb.com/videos/ai-image-genertion.html]
[www.amirmalaeb.com/videos/anthropic.html]
[cdnjs.cloudflare.com/ajax/libs/font-awesome/6.4.0/css/all.min.css]
[www.amirmalaeb.com/styles.css]
[www.amirmalaeb.com/project-EKS-Kubernetes.html]
[www.amirmalaeb.com/project-aws-deployment.html]
[www.amirmalaeb.com/project-ai-image-generation.html]
[www.amirmalaeb.com/images/ai-image-generation-with-docker.html]
[www.amirmalaeb.com/images/wordpressonaws.html]
[www.amirmalaeb.com/script.js]
[www.amirmalaeb.com/images/Static Website with Ansible.html]
[www.amirmalaeb.com/projects.js]
[www.amirmalaeb.com/images/AI Image Desc. App.html]
[www.amirmalaeb.com/images/Screenshot 2024-07-18 at 12.45.57â¯AM.html]
[www.amirmalaeb.com/aws-news.html]
[www.amirmalaeb.com/images/AI-Image-Generation (1).html]
[www.amirmalaeb.com/images/ansible1.html]
[www.amirmalaeb.com/images/ansible2.html]
[www.amirmalaeb.com/images/Screenshot 2024-07-18 at 12.47.24â¯AM.html]
[www.amirmalaeb.com/images/Screenshot 2024-07-18 at 12.59.47â¯AM.html]
